# serializer version: 1
# name: test_draft_appends_exactly_the_drafted_table_and_preserves_crlf_bytes
  '''
  
  # Drafted by `vpress listing draft` on <today>.
  # The tool never rewrites this table -- edit it by hand, or delete
  # it and run the command again to redraft.
  [listing]
  title = "Kelp Forest Mini Pack \u2013 SVG Cut Files"
  short_title = "Kelp Forest Mini Pack"
  description = "Hand-illustrated, scientifically accurate cut files."
  tags = ["cut file", "svg"]
  search_terms = ["purple sea urchin"]
  intended_uses = ["apparel", "stickers"]
  species_names = ["Strongylocentrotus purpuratus"]
  category = ""
  license_type = "Tide Pool Studio Personal & Small Business Use License"
  marketplace_notes = ""
  
  '''
# ---
